// Jest Snapshot v1, https://goo.gl/fbAQLP

exports[`Testing PropertiesList should render correctly 1`] = `ShallowWrapper {}`;
