// Jest Snapshot v1, https://goo.gl/fbAQLP

exports[`Testing CarouselBox should render correctly 1`] = `ShallowWrapper {}`;
