// Jest Snapshot v1, https://goo.gl/fbAQLP

exports[`Testing CustomCarousel should render correctly 1`] = `ShallowWrapper {}`;
