// Jest Snapshot v1, https://goo.gl/fbAQLP

exports[`Testing IconItem should render correctly 1`] = `ShallowWrapper {}`;
