// Jest Snapshot v1, https://goo.gl/fbAQLP

exports[`Testing PropertyInfoList should render correctly 1`] = `ShallowWrapper {}`;
